<!DOCTYPE html>
<html xmlns:wicket="http://wicket.apache.org" lang="en" dir="ltr">

<head>
    <meta charset="UTF-8">
    <title>My Page</title>
</head>

<body>
    <h1>My Page</h1>
</body>

</html>
